2026-09-26T14:40:40.744Z  INFO [cid:inc-cadastro-processo-a] 1 --- [processos-api] [omcat-handler-2] b.c.a.p.a.u.CadastrarProcessoService     : Processo cadastrado [processoId=e8daf768-cbda-4e00-bc7c-53fdf60b3bf4, numeroCnj=0004821-33.2026.8.26.0100]
2026-09-26T14:40:40.801Z  INFO [cid:inc-cadastro-processo-a] 1 --- [processos-api] [omcat-handler-2] http.access                              : POST /api/v1/processos -> 201 (215 ms)
2026-09-26T14:40:40.899Z  INFO [cid:inc-cadastro-processo-b] 1 --- [processos-api] [omcat-handler-4] b.c.a.p.a.u.CadastrarProcessoService     : Processo cadastrado [processoId=4fd7aa28-9b6b-4de7-a719-4a0cad416108, numeroCnj=0009137-36.2026.8.26.0053]
2026-09-26T14:40:40.904Z  INFO [cid:inc-cadastro-processo-b] 1 --- [processos-api] [omcat-handler-4] http.access                              : POST /api/v1/processos -> 201 (12 ms)
2026-09-26T14:40:41.046Z  INFO [cid:inc-cadastro-processo-a] 1 --- [processos-api] [        kafka-1] b.c.a.p.a.i.m.HistoricoProcessoConsumer  : Evento recebido [topico=processos.eventos, particao=0, offset=1, chave=e8daf768-cbda-4e00-bc7c-53fdf60b3bf4]
2026-09-26T14:40:41.060Z  INFO [cid:inc-cadastro-processo-a] 1 --- [processos-api] [   scheduling-2] b.c.a.p.a.out.messaging.OutboxRelay      : Evento publicado [eventoId=18653175-aea8-4a10-8ca7-f2e671d76f39, tipo=CADASTRADO, processoId=e8daf768-cbda-4e00-bc7c-53fdf60b3bf4, particao=0, offset=1]
2026-09-26T14:40:41.078Z  INFO [cid:inc-cadastro-processo-b] 1 --- [processos-api] [   scheduling-2] b.c.a.p.a.out.messaging.OutboxRelay      : Evento publicado [eventoId=5c1eddfd-eef4-4a7f-afcf-055f0651f216, tipo=CADASTRADO, processoId=4fd7aa28-9b6b-4de7-a719-4a0cad416108, particao=0, offset=2]
2026-09-26T14:40:41.080Z  INFO [cid:inc-cadastro-processo-a] 1 --- [processos-api] [        kafka-1] b.c.a.p.a.u.RegistrarHistoricoService    : Historico registrado [eventoId=18653175-aea8-4a10-8ca7-f2e671d76f39, processoId=e8daf768-cbda-4e00-bc7c-53fdf60b3bf4, tipo=CADASTRADO]
2026-09-26T14:40:41.094Z  INFO [cid:inc-cadastro-processo-b] 1 --- [processos-api] [        kafka-1] b.c.a.p.a.i.m.HistoricoProcessoConsumer  : Evento recebido [topico=processos.eventos, particao=0, offset=2, chave=4fd7aa28-9b6b-4de7-a719-4a0cad416108]
2026-09-26T14:40:41.100Z  INFO [cid:inc-cadastro-processo-b] 1 --- [processos-api] [        kafka-1] b.c.a.p.a.u.RegistrarHistoricoService    : Historico registrado [eventoId=5c1eddfd-eef4-4a7f-afcf-055f0651f216, processoId=4fd7aa28-9b6b-4de7-a719-4a0cad416108, tipo=CADASTRADO]
2026-09-26T14:40:45.021Z  INFO [cid:4705ccf7-f982-4f11-9448-c3ff0a8c419e] 1 --- [processos-api] [omcat-handler-5] http.access                              : GET /api/v1/processos/e8daf768-cbda-4e00-bc7c-53fdf60b3bf4/historico -> 200 (16 ms)
2026-09-26T14:40:45.103Z  INFO [cid:e42ce676-a8fc-46bb-a461-2281aafdd9db] 1 --- [processos-api] [omcat-handler-6] http.access                              : GET /api/v1/processos/4fd7aa28-9b6b-4de7-a719-4a0cad416108/historico -> 200 (4 ms)
2026-09-26T14:40:46.099Z ERROR [cid:carga-legado-lote-0917] 1 --- [processos-api] [   scheduling-2] o.s.k.support.LoggingProducerListener    : Exception thrown when sending a message with key='e8daf768-cbda-4e00-bc7c-53fdf60b3bf4' and payload='{"origem":"carga-legado","anexoBase64":"QUJDQUJDQUJDQUJDQUJDQUJDQUJDQUJDQUJDQUJDQUJDQUJDQUJDQUJDQUJD...' to topic processos.eventos:
org.apache.kafka.common.errors.RecordTooLargeException: The message is 1600268 bytes when serialized which is larger than 1048576, which is the value of the max.request.size configuration.
2026-09-26T14:40:46.126Z ERROR [cid:carga-legado-lote-0917] 1 --- [processos-api] [   scheduling-2] b.c.a.p.a.out.messaging.OutboxRelay      : Falha ao publicar evento, nova tentativa no proximo ciclo [eventoId=b131363a-c0c5-482d-889c-a3569f1d1425, tentativas=1, erro=Send failed]
2026-09-26T14:40:47.134Z ERROR [cid:carga-legado-lote-0917] 1 --- [processos-api] [   scheduling-2] o.s.k.support.LoggingProducerListener    : Exception thrown when sending a message with key='e8daf768-cbda-4e00-bc7c-53fdf60b3bf4' and payload='{"origem":"carga-legado","anexoBase64":"QUJDQUJDQUJDQUJDQUJDQUJDQUJDQUJDQUJDQUJDQUJDQUJDQUJDQUJDQUJD...' to topic processos.eventos:
org.apache.kafka.common.errors.RecordTooLargeException: The message is 1600268 bytes when serialized which is larger than 1048576, which is the value of the max.request.size configuration.
2026-09-26T14:40:47.153Z ERROR [cid:carga-legado-lote-0917] 1 --- [processos-api] [   scheduling-2] b.c.a.p.a.out.messaging.OutboxRelay      : Falha ao publicar evento, nova tentativa no proximo ciclo [eventoId=b131363a-c0c5-482d-889c-a3569f1d1425, tentativas=2, erro=Send failed]
2026-09-26T14:40:48.161Z ERROR [cid:carga-legado-lote-0917] 1 --- [processos-api] [   scheduling-2] o.s.k.support.LoggingProducerListener    : Exception thrown when sending a message with key='e8daf768-cbda-4e00-bc7c-53fdf60b3bf4' and payload='{"origem":"carga-legado","anexoBase64":"QUJDQUJDQUJDQUJDQUJDQUJDQUJDQUJDQUJDQUJDQUJDQUJDQUJDQUJDQUJD...' to topic processos.eventos:
org.apache.kafka.common.errors.RecordTooLargeException: The message is 1600268 bytes when serialized which is larger than 1048576, which is the value of the max.request.size configuration.
2026-09-26T14:40:48.179Z ERROR [cid:carga-legado-lote-0917] 1 --- [processos-api] [   scheduling-2] b.c.a.p.a.out.messaging.OutboxRelay      : Falha ao publicar evento, nova tentativa no proximo ciclo [eventoId=b131363a-c0c5-482d-889c-a3569f1d1425, tentativas=3, erro=Send failed]
2026-09-26T14:40:48.601Z  INFO [cid:inc-cadastro-processo-c] 1 --- [processos-api] [omcat-handler-7] b.c.a.p.a.u.CadastrarProcessoService     : Processo cadastrado [processoId=382a06df-92eb-4071-8420-e00dc507f662, numeroCnj=0012550-29.2026.8.26.0224]
2026-09-26T14:40:48.606Z  INFO [cid:inc-cadastro-processo-c] 1 --- [processos-api] [omcat-handler-7] http.access                              : POST /api/v1/processos -> 201 (12 ms)
2026-09-26T14:40:48.691Z  INFO [cid:inc-suspensao-processo-b] 1 --- [processos-api] [omcat-handler-8] b.c.a.p.a.u.AlterarStatusProcessoService : Status do processo alterado [processoId=4fd7aa28-9b6b-4de7-a719-4a0cad416108, de=ATIVO, para=SUSPENSO]
2026-09-26T14:40:48.695Z  INFO [cid:inc-suspensao-processo-b] 1 --- [processos-api] [omcat-handler-8] http.access                              : PATCH /api/v1/processos/4fd7aa28-9b6b-4de7-a719-4a0cad416108/status -> 200 (17 ms)
2026-09-26T14:40:49.187Z ERROR [cid:carga-legado-lote-0917] 1 --- [processos-api] [   scheduling-2] o.s.k.support.LoggingProducerListener    : Exception thrown when sending a message with key='e8daf768-cbda-4e00-bc7c-53fdf60b3bf4' and payload='{"origem":"carga-legado","anexoBase64":"QUJDQUJDQUJDQUJDQUJDQUJDQUJDQUJDQUJDQUJDQUJDQUJDQUJDQUJDQUJD...' to topic processos.eventos:
org.apache.kafka.common.errors.RecordTooLargeException: The message is 1600268 bytes when serialized which is larger than 1048576, which is the value of the max.request.size configuration.
2026-09-26T14:40:49.204Z ERROR [cid:carga-legado-lote-0917] 1 --- [processos-api] [   scheduling-2] b.c.a.p.a.out.messaging.OutboxRelay      : Falha ao publicar evento, nova tentativa no proximo ciclo [eventoId=b131363a-c0c5-482d-889c-a3569f1d1425, tentativas=4, erro=Send failed]
2026-09-26T14:40:50.211Z ERROR [cid:carga-legado-lote-0917] 1 --- [processos-api] [   scheduling-2] o.s.k.support.LoggingProducerListener    : Exception thrown when sending a message with key='e8daf768-cbda-4e00-bc7c-53fdf60b3bf4' and payload='{"origem":"carga-legado","anexoBase64":"QUJDQUJDQUJDQUJDQUJDQUJDQUJDQUJDQUJDQUJDQUJDQUJDQUJDQUJDQUJD...' to topic processos.eventos:
org.apache.kafka.common.errors.RecordTooLargeException: The message is 1600268 bytes when serialized which is larger than 1048576, which is the value of the max.request.size configuration.
2026-09-26T14:40:50.228Z ERROR [cid:carga-legado-lote-0917] 1 --- [processos-api] [   scheduling-2] b.c.a.p.a.out.messaging.OutboxRelay      : Falha ao publicar evento, nova tentativa no proximo ciclo [eventoId=b131363a-c0c5-482d-889c-a3569f1d1425, tentativas=5, erro=Send failed]
2026-09-26T14:40:51.236Z ERROR [cid:carga-legado-lote-0917] 1 --- [processos-api] [   scheduling-2] o.s.k.support.LoggingProducerListener    : Exception thrown when sending a message with key='e8daf768-cbda-4e00-bc7c-53fdf60b3bf4' and payload='{"origem":"carga-legado","anexoBase64":"QUJDQUJDQUJDQUJDQUJDQUJDQUJDQUJDQUJDQUJDQUJDQUJDQUJDQUJDQUJD...' to topic processos.eventos:
org.apache.kafka.common.errors.RecordTooLargeException: The message is 1600268 bytes when serialized which is larger than 1048576, which is the value of the max.request.size configuration.
2026-09-26T14:40:51.254Z ERROR [cid:carga-legado-lote-0917] 1 --- [processos-api] [   scheduling-2] b.c.a.p.a.out.messaging.OutboxRelay      : Falha ao publicar evento, nova tentativa no proximo ciclo [eventoId=b131363a-c0c5-482d-889c-a3569f1d1425, tentativas=6, erro=Send failed]
2026-09-26T14:40:52.265Z ERROR [cid:carga-legado-lote-0917] 1 --- [processos-api] [   scheduling-2] o.s.k.support.LoggingProducerListener    : Exception thrown when sending a message with key='e8daf768-cbda-4e00-bc7c-53fdf60b3bf4' and payload='{"origem":"carga-legado","anexoBase64":"QUJDQUJDQUJDQUJDQUJDQUJDQUJDQUJDQUJDQUJDQUJDQUJDQUJDQUJDQUJD...' to topic processos.eventos:
org.apache.kafka.common.errors.RecordTooLargeException: The message is 1600268 bytes when serialized which is larger than 1048576, which is the value of the max.request.size configuration.
2026-09-26T14:40:52.282Z ERROR [cid:carga-legado-lote-0917] 1 --- [processos-api] [   scheduling-2] b.c.a.p.a.out.messaging.OutboxRelay      : Falha ao publicar evento, nova tentativa no proximo ciclo [eventoId=b131363a-c0c5-482d-889c-a3569f1d1425, tentativas=7, erro=Send failed]
2026-09-26T14:40:53.290Z ERROR [cid:carga-legado-lote-0917] 1 --- [processos-api] [   scheduling-2] o.s.k.support.LoggingProducerListener    : Exception thrown when sending a message with key='e8daf768-cbda-4e00-bc7c-53fdf60b3bf4' and payload='{"origem":"carga-legado","anexoBase64":"QUJDQUJDQUJDQUJDQUJDQUJDQUJDQUJDQUJDQUJDQUJDQUJDQUJDQUJDQUJD...' to topic processos.eventos:
org.apache.kafka.common.errors.RecordTooLargeException: The message is 1600268 bytes when serialized which is larger than 1048576, which is the value of the max.request.size configuration.
2026-09-26T14:40:53.306Z ERROR [cid:carga-legado-lote-0917] 1 --- [processos-api] [   scheduling-2] b.c.a.p.a.out.messaging.OutboxRelay      : Falha ao publicar evento, nova tentativa no proximo ciclo [eventoId=b131363a-c0c5-482d-889c-a3569f1d1425, tentativas=8, erro=Send failed]
2026-09-26T14:40:54.314Z ERROR [cid:carga-legado-lote-0917] 1 --- [processos-api] [   scheduling-2] o.s.k.support.LoggingProducerListener    : Exception thrown when sending a message with key='e8daf768-cbda-4e00-bc7c-53fdf60b3bf4' and payload='{"origem":"carga-legado","anexoBase64":"QUJDQUJDQUJDQUJDQUJDQUJDQUJDQUJDQUJDQUJDQUJDQUJDQUJDQUJDQUJD...' to topic processos.eventos:
org.apache.kafka.common.errors.RecordTooLargeException: The message is 1600268 bytes when serialized which is larger than 1048576, which is the value of the max.request.size configuration.
2026-09-26T14:40:54.330Z ERROR [cid:carga-legado-lote-0917] 1 --- [processos-api] [   scheduling-2] b.c.a.p.a.out.messaging.OutboxRelay      : Falha ao publicar evento, nova tentativa no proximo ciclo [eventoId=b131363a-c0c5-482d-889c-a3569f1d1425, tentativas=9, erro=Send failed]
2026-09-26T14:40:55.336Z ERROR [cid:carga-legado-lote-0917] 1 --- [processos-api] [   scheduling-2] o.s.k.support.LoggingProducerListener    : Exception thrown when sending a message with key='e8daf768-cbda-4e00-bc7c-53fdf60b3bf4' and payload='{"origem":"carga-legado","anexoBase64":"QUJDQUJDQUJDQUJDQUJDQUJDQUJDQUJDQUJDQUJDQUJDQUJDQUJDQUJDQUJD...' to topic processos.eventos:
org.apache.kafka.common.errors.RecordTooLargeException: The message is 1600268 bytes when serialized which is larger than 1048576, which is the value of the max.request.size configuration.
2026-09-26T14:40:55.352Z ERROR [cid:carga-legado-lote-0917] 1 --- [processos-api] [   scheduling-2] b.c.a.p.a.out.messaging.OutboxRelay      : Falha ao publicar evento, nova tentativa no proximo ciclo [eventoId=b131363a-c0c5-482d-889c-a3569f1d1425, tentativas=10, erro=Send failed]
2026-09-26T14:40:56.359Z ERROR [cid:carga-legado-lote-0917] 1 --- [processos-api] [   scheduling-2] o.s.k.support.LoggingProducerListener    : Exception thrown when sending a message with key='e8daf768-cbda-4e00-bc7c-53fdf60b3bf4' and payload='{"origem":"carga-legado","anexoBase64":"QUJDQUJDQUJDQUJDQUJDQUJDQUJDQUJDQUJDQUJDQUJDQUJDQUJDQUJDQUJD...' to topic processos.eventos:
org.apache.kafka.common.errors.RecordTooLargeException: The message is 1600268 bytes when serialized which is larger than 1048576, which is the value of the max.request.size configuration.
2026-09-26T14:40:56.375Z ERROR [cid:carga-legado-lote-0917] 1 --- [processos-api] [   scheduling-2] b.c.a.p.a.out.messaging.OutboxRelay      : Falha ao publicar evento, nova tentativa no proximo ciclo [eventoId=b131363a-c0c5-482d-889c-a3569f1d1425, tentativas=11, erro=Send failed]
2026-09-26T14:40:57.383Z ERROR [cid:carga-legado-lote-0917] 1 --- [processos-api] [   scheduling-2] o.s.k.support.LoggingProducerListener    : Exception thrown when sending a message with key='e8daf768-cbda-4e00-bc7c-53fdf60b3bf4' and payload='{"origem":"carga-legado","anexoBase64":"QUJDQUJDQUJDQUJDQUJDQUJDQUJDQUJDQUJDQUJDQUJDQUJDQUJDQUJDQUJD...' to topic processos.eventos:
org.apache.kafka.common.errors.RecordTooLargeException: The message is 1600268 bytes when serialized which is larger than 1048576, which is the value of the max.request.size configuration.
2026-09-26T14:40:57.398Z ERROR [cid:carga-legado-lote-0917] 1 --- [processos-api] [   scheduling-2] b.c.a.p.a.out.messaging.OutboxRelay      : Falha ao publicar evento, nova tentativa no proximo ciclo [eventoId=b131363a-c0c5-482d-889c-a3569f1d1425, tentativas=12, erro=Send failed]
2026-09-26T14:40:58.407Z ERROR [cid:carga-legado-lote-0917] 1 --- [processos-api] [   scheduling-2] o.s.k.support.LoggingProducerListener    : Exception thrown when sending a message with key='e8daf768-cbda-4e00-bc7c-53fdf60b3bf4' and payload='{"origem":"carga-legado","anexoBase64":"QUJDQUJDQUJDQUJDQUJDQUJDQUJDQUJDQUJDQUJDQUJDQUJDQUJDQUJDQUJD...' to topic processos.eventos:
org.apache.kafka.common.errors.RecordTooLargeException: The message is 1600268 bytes when serialized which is larger than 1048576, which is the value of the max.request.size configuration.
2026-09-26T14:40:58.424Z ERROR [cid:carga-legado-lote-0917] 1 --- [processos-api] [   scheduling-2] b.c.a.p.a.out.messaging.OutboxRelay      : Falha ao publicar evento, nova tentativa no proximo ciclo [eventoId=b131363a-c0c5-482d-889c-a3569f1d1425, tentativas=13, erro=Send failed]
2026-09-26T14:40:59.432Z ERROR [cid:carga-legado-lote-0917] 1 --- [processos-api] [   scheduling-2] o.s.k.support.LoggingProducerListener    : Exception thrown when sending a message with key='e8daf768-cbda-4e00-bc7c-53fdf60b3bf4' and payload='{"origem":"carga-legado","anexoBase64":"QUJDQUJDQUJDQUJDQUJDQUJDQUJDQUJDQUJDQUJDQUJDQUJDQUJDQUJDQUJD...' to topic processos.eventos:
org.apache.kafka.common.errors.RecordTooLargeException: The message is 1600268 bytes when serialized which is larger than 1048576, which is the value of the max.request.size configuration.
2026-09-26T14:40:59.448Z ERROR [cid:carga-legado-lote-0917] 1 --- [processos-api] [   scheduling-2] b.c.a.p.a.out.messaging.OutboxRelay      : Falha ao publicar evento, nova tentativa no proximo ciclo [eventoId=b131363a-c0c5-482d-889c-a3569f1d1425, tentativas=14, erro=Send failed]
2026-09-26T14:41:00.456Z ERROR [cid:carga-legado-lote-0917] 1 --- [processos-api] [   scheduling-2] o.s.k.support.LoggingProducerListener    : Exception thrown when sending a message with key='e8daf768-cbda-4e00-bc7c-53fdf60b3bf4' and payload='{"origem":"carga-legado","anexoBase64":"QUJDQUJDQUJDQUJDQUJDQUJDQUJDQUJDQUJDQUJDQUJDQUJDQUJDQUJDQUJD...' to topic processos.eventos:
org.apache.kafka.common.errors.RecordTooLargeException: The message is 1600268 bytes when serialized which is larger than 1048576, which is the value of the max.request.size configuration.
2026-09-26T14:41:00.472Z ERROR [cid:carga-legado-lote-0917] 1 --- [processos-api] [   scheduling-2] b.c.a.p.a.out.messaging.OutboxRelay      : Falha ao publicar evento, nova tentativa no proximo ciclo [eventoId=b131363a-c0c5-482d-889c-a3569f1d1425, tentativas=15, erro=Send failed]
2026-09-26T14:41:01.480Z ERROR [cid:carga-legado-lote-0917] 1 --- [processos-api] [   scheduling-2] o.s.k.support.LoggingProducerListener    : Exception thrown when sending a message with key='e8daf768-cbda-4e00-bc7c-53fdf60b3bf4' and payload='{"origem":"carga-legado","anexoBase64":"QUJDQUJDQUJDQUJDQUJDQUJDQUJDQUJDQUJDQUJDQUJDQUJDQUJDQUJDQUJD...' to topic processos.eventos:
org.apache.kafka.common.errors.RecordTooLargeException: The message is 1600268 bytes when serialized which is larger than 1048576, which is the value of the max.request.size configuration.
2026-09-26T14:41:01.496Z ERROR [cid:carga-legado-lote-0917] 1 --- [processos-api] [   scheduling-2] b.c.a.p.a.out.messaging.OutboxRelay      : Falha ao publicar evento, nova tentativa no proximo ciclo [eventoId=b131363a-c0c5-482d-889c-a3569f1d1425, tentativas=16, erro=Send failed]
2026-09-26T14:41:02.503Z ERROR [cid:carga-legado-lote-0917] 1 --- [processos-api] [   scheduling-2] o.s.k.support.LoggingProducerListener    : Exception thrown when sending a message with key='e8daf768-cbda-4e00-bc7c-53fdf60b3bf4' and payload='{"origem":"carga-legado","anexoBase64":"QUJDQUJDQUJDQUJDQUJDQUJDQUJDQUJDQUJDQUJDQUJDQUJDQUJDQUJDQUJD...' to topic processos.eventos:
org.apache.kafka.common.errors.RecordTooLargeException: The message is 1600268 bytes when serialized which is larger than 1048576, which is the value of the max.request.size configuration.
2026-09-26T14:41:02.522Z ERROR [cid:carga-legado-lote-0917] 1 --- [processos-api] [   scheduling-2] b.c.a.p.a.out.messaging.OutboxRelay      : Falha ao publicar evento, nova tentativa no proximo ciclo [eventoId=b131363a-c0c5-482d-889c-a3569f1d1425, tentativas=17, erro=Send failed]
2026-09-26T14:41:03.534Z ERROR [cid:carga-legado-lote-0917] 1 --- [processos-api] [   scheduling-2] o.s.k.support.LoggingProducerListener    : Exception thrown when sending a message with key='e8daf768-cbda-4e00-bc7c-53fdf60b3bf4' and payload='{"origem":"carga-legado","anexoBase64":"QUJDQUJDQUJDQUJDQUJDQUJDQUJDQUJDQUJDQUJDQUJDQUJDQUJDQUJDQUJD...' to topic processos.eventos:
org.apache.kafka.common.errors.RecordTooLargeException: The message is 1600268 bytes when serialized which is larger than 1048576, which is the value of the max.request.size configuration.
2026-09-26T14:41:03.558Z ERROR [cid:carga-legado-lote-0917] 1 --- [processos-api] [   scheduling-2] b.c.a.p.a.out.messaging.OutboxRelay      : Falha ao publicar evento, nova tentativa no proximo ciclo [eventoId=b131363a-c0c5-482d-889c-a3569f1d1425, tentativas=18, erro=Send failed]
2026-09-26T14:41:04.565Z ERROR [cid:carga-legado-lote-0917] 1 --- [processos-api] [   scheduling-2] o.s.k.support.LoggingProducerListener    : Exception thrown when sending a message with key='e8daf768-cbda-4e00-bc7c-53fdf60b3bf4' and payload='{"origem":"carga-legado","anexoBase64":"QUJDQUJDQUJDQUJDQUJDQUJDQUJDQUJDQUJDQUJDQUJDQUJDQUJDQUJDQUJD...' to topic processos.eventos:
org.apache.kafka.common.errors.RecordTooLargeException: The message is 1600268 bytes when serialized which is larger than 1048576, which is the value of the max.request.size configuration.
2026-09-26T14:41:04.585Z ERROR [cid:carga-legado-lote-0917] 1 --- [processos-api] [   scheduling-2] b.c.a.p.a.out.messaging.OutboxRelay      : Falha ao publicar evento, nova tentativa no proximo ciclo [eventoId=b131363a-c0c5-482d-889c-a3569f1d1425, tentativas=19, erro=Send failed]
2026-09-26T14:41:05.594Z ERROR [cid:carga-legado-lote-0917] 1 --- [processos-api] [   scheduling-2] o.s.k.support.LoggingProducerListener    : Exception thrown when sending a message with key='e8daf768-cbda-4e00-bc7c-53fdf60b3bf4' and payload='{"origem":"carga-legado","anexoBase64":"QUJDQUJDQUJDQUJDQUJDQUJDQUJDQUJDQUJDQUJDQUJDQUJDQUJDQUJDQUJD...' to topic processos.eventos:
org.apache.kafka.common.errors.RecordTooLargeException: The message is 1600268 bytes when serialized which is larger than 1048576, which is the value of the max.request.size configuration.
2026-09-26T14:41:05.615Z ERROR [cid:carga-legado-lote-0917] 1 --- [processos-api] [   scheduling-2] b.c.a.p.a.out.messaging.OutboxRelay      : Falha ao publicar evento, nova tentativa no proximo ciclo [eventoId=b131363a-c0c5-482d-889c-a3569f1d1425, tentativas=20, erro=Send failed]
2026-09-26T14:41:06.625Z ERROR [cid:carga-legado-lote-0917] 1 --- [processos-api] [   scheduling-2] o.s.k.support.LoggingProducerListener    : Exception thrown when sending a message with key='e8daf768-cbda-4e00-bc7c-53fdf60b3bf4' and payload='{"origem":"carga-legado","anexoBase64":"QUJDQUJDQUJDQUJDQUJDQUJDQUJDQUJDQUJDQUJDQUJDQUJDQUJDQUJDQUJD...' to topic processos.eventos:
org.apache.kafka.common.errors.RecordTooLargeException: The message is 1600268 bytes when serialized which is larger than 1048576, which is the value of the max.request.size configuration.
2026-09-26T14:41:06.647Z ERROR [cid:carga-legado-lote-0917] 1 --- [processos-api] [   scheduling-2] b.c.a.p.a.out.messaging.OutboxRelay      : Falha ao publicar evento, nova tentativa no proximo ciclo [eventoId=b131363a-c0c5-482d-889c-a3569f1d1425, tentativas=21, erro=Send failed]
2026-09-26T14:41:07.655Z ERROR [cid:carga-legado-lote-0917] 1 --- [processos-api] [   scheduling-2] o.s.k.support.LoggingProducerListener    : Exception thrown when sending a message with key='e8daf768-cbda-4e00-bc7c-53fdf60b3bf4' and payload='{"origem":"carga-legado","anexoBase64":"QUJDQUJDQUJDQUJDQUJDQUJDQUJDQUJDQUJDQUJDQUJDQUJDQUJDQUJDQUJD...' to topic processos.eventos:
org.apache.kafka.common.errors.RecordTooLargeException: The message is 1600268 bytes when serialized which is larger than 1048576, which is the value of the max.request.size configuration.
2026-09-26T14:41:07.674Z ERROR [cid:carga-legado-lote-0917] 1 --- [processos-api] [   scheduling-2] b.c.a.p.a.out.messaging.OutboxRelay      : Falha ao publicar evento, nova tentativa no proximo ciclo [eventoId=b131363a-c0c5-482d-889c-a3569f1d1425, tentativas=22, erro=Send failed]
2026-09-26T14:41:08.682Z ERROR [cid:carga-legado-lote-0917] 1 --- [processos-api] [   scheduling-2] o.s.k.support.LoggingProducerListener    : Exception thrown when sending a message with key='e8daf768-cbda-4e00-bc7c-53fdf60b3bf4' and payload='{"origem":"carga-legado","anexoBase64":"QUJDQUJDQUJDQUJDQUJDQUJDQUJDQUJDQUJDQUJDQUJDQUJDQUJDQUJDQUJD...' to topic processos.eventos:
org.apache.kafka.common.errors.RecordTooLargeException: The message is 1600268 bytes when serialized which is larger than 1048576, which is the value of the max.request.size configuration.
2026-09-26T14:41:08.698Z ERROR [cid:carga-legado-lote-0917] 1 --- [processos-api] [   scheduling-2] b.c.a.p.a.out.messaging.OutboxRelay      : Falha ao publicar evento, nova tentativa no proximo ciclo [eventoId=b131363a-c0c5-482d-889c-a3569f1d1425, tentativas=23, erro=Send failed]
2026-09-26T14:41:09.707Z ERROR [cid:carga-legado-lote-0917] 1 --- [processos-api] [   scheduling-2] o.s.k.support.LoggingProducerListener    : Exception thrown when sending a message with key='e8daf768-cbda-4e00-bc7c-53fdf60b3bf4' and payload='{"origem":"carga-legado","anexoBase64":"QUJDQUJDQUJDQUJDQUJDQUJDQUJDQUJDQUJDQUJDQUJDQUJDQUJDQUJDQUJD...' to topic processos.eventos:
org.apache.kafka.common.errors.RecordTooLargeException: The message is 1600268 bytes when serialized which is larger than 1048576, which is the value of the max.request.size configuration.
2026-09-26T14:41:09.728Z ERROR [cid:carga-legado-lote-0917] 1 --- [processos-api] [   scheduling-2] b.c.a.p.a.out.messaging.OutboxRelay      : Falha ao publicar evento, nova tentativa no proximo ciclo [eventoId=b131363a-c0c5-482d-889c-a3569f1d1425, tentativas=24, erro=Send failed]
2026-09-26T14:41:10.736Z ERROR [cid:carga-legado-lote-0917] 1 --- [processos-api] [   scheduling-2] o.s.k.support.LoggingProducerListener    : Exception thrown when sending a message with key='e8daf768-cbda-4e00-bc7c-53fdf60b3bf4' and payload='{"origem":"carga-legado","anexoBase64":"QUJDQUJDQUJDQUJDQUJDQUJDQUJDQUJDQUJDQUJDQUJDQUJDQUJDQUJDQUJD...' to topic processos.eventos:
org.apache.kafka.common.errors.RecordTooLargeException: The message is 1600268 bytes when serialized which is larger than 1048576, which is the value of the max.request.size configuration.
2026-09-26T14:41:10.753Z ERROR [cid:carga-legado-lote-0917] 1 --- [processos-api] [   scheduling-2] b.c.a.p.a.out.messaging.OutboxRelay      : Falha ao publicar evento, nova tentativa no proximo ciclo [eventoId=b131363a-c0c5-482d-889c-a3569f1d1425, tentativas=25, erro=Send failed]
2026-09-26T14:41:11.760Z ERROR [cid:carga-legado-lote-0917] 1 --- [processos-api] [   scheduling-2] o.s.k.support.LoggingProducerListener    : Exception thrown when sending a message with key='e8daf768-cbda-4e00-bc7c-53fdf60b3bf4' and payload='{"origem":"carga-legado","anexoBase64":"QUJDQUJDQUJDQUJDQUJDQUJDQUJDQUJDQUJDQUJDQUJDQUJDQUJDQUJDQUJD...' to topic processos.eventos:
org.apache.kafka.common.errors.RecordTooLargeException: The message is 1600268 bytes when serialized which is larger than 1048576, which is the value of the max.request.size configuration.
2026-09-26T14:41:11.775Z ERROR [cid:carga-legado-lote-0917] 1 --- [processos-api] [   scheduling-2] b.c.a.p.a.out.messaging.OutboxRelay      : Falha ao publicar evento, nova tentativa no proximo ciclo [eventoId=b131363a-c0c5-482d-889c-a3569f1d1425, tentativas=26, erro=Send failed]
2026-09-26T14:41:12.782Z ERROR [cid:carga-legado-lote-0917] 1 --- [processos-api] [   scheduling-2] o.s.k.support.LoggingProducerListener    : Exception thrown when sending a message with key='e8daf768-cbda-4e00-bc7c-53fdf60b3bf4' and payload='{"origem":"carga-legado","anexoBase64":"QUJDQUJDQUJDQUJDQUJDQUJDQUJDQUJDQUJDQUJDQUJDQUJDQUJDQUJDQUJD...' to topic processos.eventos:
org.apache.kafka.common.errors.RecordTooLargeException: The message is 1600268 bytes when serialized which is larger than 1048576, which is the value of the max.request.size configuration.
2026-09-26T14:41:12.802Z ERROR [cid:carga-legado-lote-0917] 1 --- [processos-api] [   scheduling-2] b.c.a.p.a.out.messaging.OutboxRelay      : Falha ao publicar evento, nova tentativa no proximo ciclo [eventoId=b131363a-c0c5-482d-889c-a3569f1d1425, tentativas=27, erro=Send failed]
2026-09-26T14:41:13.810Z ERROR [cid:carga-legado-lote-0917] 1 --- [processos-api] [   scheduling-2] o.s.k.support.LoggingProducerListener    : Exception thrown when sending a message with key='e8daf768-cbda-4e00-bc7c-53fdf60b3bf4' and payload='{"origem":"carga-legado","anexoBase64":"QUJDQUJDQUJDQUJDQUJDQUJDQUJDQUJDQUJDQUJDQUJDQUJDQUJDQUJDQUJD...' to topic processos.eventos:
org.apache.kafka.common.errors.RecordTooLargeException: The message is 1600268 bytes when serialized which is larger than 1048576, which is the value of the max.request.size configuration.
2026-09-26T14:41:13.827Z ERROR [cid:carga-legado-lote-0917] 1 --- [processos-api] [   scheduling-2] b.c.a.p.a.out.messaging.OutboxRelay      : Falha ao publicar evento, nova tentativa no proximo ciclo [eventoId=b131363a-c0c5-482d-889c-a3569f1d1425, tentativas=28, erro=Send failed]
